// Jest Snapshot v1, https://goo.gl/fbAQLP

exports[`<CronPresetModal> renders correctly 1`] = `
<Modal
  dataTest="dhis2-uicore-modal"
  onClose={[Function]}
  open={true}
  position="top"
  small={true}
>
  <ModalTitle
    dataTest="dhis2-uicore-modaltitle"
  >
    Choose a preset time/interval
  </ModalTitle>
  <ModalContent
    dataTest="dhis2-uicore-modalcontent"
  >
    <Radio
      checked={false}
      dataTest="dhis2-uicore-radio"
      key="0 0 * ? * *"
      label="Every hour"
      onChange={[Function]}
      value="0 0 * ? * *"
    />
    <Radio
      checked={false}
      dataTest="dhis2-uicore-radio"
      key="0 0 1 ? * *"
      label="Every day at midnight"
      onChange={[Function]}
      value="0 0 1 ? * *"
    />
    <Radio
      checked={false}
      dataTest="dhis2-uicore-radio"
      key="0 0 3 ? * *"
      label="Every day at 3 am"
      onChange={[Function]}
      value="0 0 3 ? * *"
    />
    <Radio
      checked={false}
      dataTest="dhis2-uicore-radio"
      key="0 0 12 ? * MON-FRI"
      label="Every day at noon"
      onChange={[Function]}
      value="0 0 12 ? * MON-FRI"
    />
    <Radio
      checked={false}
      dataTest="dhis2-uicore-radio"
      key="0 0 3 ? * MON"
      label="Every week"
      onChange={[Function]}
      value="0 0 3 ? * MON"
    />
  </ModalContent>
  <ModalActions
    dataTest="dhis2-uicore-modalactions"
  >
    <ButtonStrip
      dataTest="dhis2-uicore-buttonstrip"
      end={true}
    >
      <Button
        dataTest="dhis2-uicore-button"
        name="hide-modal"
        onClick={[Function]}
        secondary={true}
        type="button"
      >
        Cancel
      </Button>
      <Button
        dataTest="dhis2-uicore-button"
        disabled={true}
        name="insert-preset"
        onClick={[Function]}
        primary={true}
        type="button"
      >
        Insert preset
      </Button>
    </ButtonStrip>
  </ModalActions>
</Modal>
`;
