// Jest Snapshot v1, https://goo.gl/fbAQLP

exports[`<DiscardFormModal> renders correctly 1`] = `
<Modal
  dataTest="dhis2-uicore-modal"
  onClose={[Function]}
  open={true}
  position="top"
  small={true}
>
  <ModalContent
    dataTest="dhis2-uicore-modalcontent"
  >
    Are you sure you want to discard this form?
  </ModalContent>
  <ModalActions
    dataTest="dhis2-uicore-modalactions"
  >
    <ButtonStrip
      dataTest="dhis2-uicore-buttonstrip"
      end={true}
    >
      <Button
        dataTest="dhis2-uicore-button"
        name="cancel-discard-form"
        onClick={[Function]}
        secondary={true}
        type="button"
      >
        Cancel
      </Button>
      <Button
        dataTest="dhis2-uicore-button"
        destructive={true}
        name="discard-form"
        onClick={[Function]}
        type="button"
      >
        Discard
      </Button>
    </ButtonStrip>
  </ModalActions>
</Modal>
`;
