// Jest Snapshot v1, https://goo.gl/fbAQLP

exports[`<RunJobModal> renders correctly 1`] = `
<Modal
  onClose={[Function]}
  open={true}
  small={true}
>
  <Content>
    Are you sure you want to run this job?
  </Content>
  <Actions>
    <ButtonStrip
      end={true}
    >
      <Button
        name="hide-modal"
        onClick={[Function]}
        secondary={true}
        type="button"
      >
        Cancel
      </Button>
      <Button
        name="run-job-id"
        onClick={[Function]}
        primary={true}
        type="button"
      >
        Run
      </Button>
    </ButtonStrip>
  </Actions>
</Modal>
`;
