// Jest Snapshot v1, https://goo.gl/fbAQLP

exports[`<RunJobModal> renders correctly 1`] = `
<Modal
  dataTest="dhis2-uicore-modal"
  onClose={[Function]}
  open={true}
  position="top"
  small={true}
>
  <ModalContent
    dataTest="dhis2-uicore-modalcontent"
  >
    Are you sure you want to run this job?
  </ModalContent>
  <ModalActions
    dataTest="dhis2-uicore-modalactions"
  >
    <ButtonStrip
      dataTest="dhis2-uicore-buttonstrip"
      end={true}
    >
      <Button
        dataTest="dhis2-uicore-button"
        name="hide-modal"
        onClick={[Function]}
        secondary={true}
        type="button"
      >
        Cancel
      </Button>
      <Button
        dataTest="dhis2-uicore-button"
        name="run-job-id"
        onClick={[Function]}
        primary={true}
        type="button"
      >
        Run
      </Button>
    </ButtonStrip>
  </ModalActions>
</Modal>
`;
