// Jest Snapshot v1, https://goo.gl/fbAQLP

exports[`<JobAdd> renders correctly 1`] = `
<Fragment>
  <Link
    to="/"
  >
    Back to all jobs
  </Link>
  <Title
    priority={2}
  >
    New Job
  </Title>
  <Card>
    <Title
      priority={3}
    >
      Configuration
    </Title>
    <Info />
    <a
      href="https://docs.dhis2.org/master/en/user/html/dataAdmin_scheduling.html#dataAdmin_scheduling_config"
    >
      About job configuration
    </a>
    <InputField
      label="Name"
      onBlur={[Function]}
      onFocus={[Function]}
      type="text"
    />
    <SelectField
      label="Frequency"
    >
      <option
        value="0"
      >
        Continuous execution
      </option>
    </SelectField>
    <SelectField
      label="Job type"
    >
      <option
        value="0"
      >
        Monitoring
      </option>
    </SelectField>
    <Button
      primary={true}
      type="button"
    >
      Save job
    </Button>
    <Button
      type="button"
    >
      Cancel
    </Button>
  </Card>
</Fragment>
`;
