// Jest Snapshot v1, https://goo.gl/fbAQLP

exports[`<CronPresetButton> calls showModal correctly when clicked 1`] = `
Object {
  "type": "CRON_PRESET",
}
`;

exports[`<CronPresetButton> renders correctly 1`] = `
<Button
  dataTest="dhis2-uicore-button"
  onClick={[Function]}
  primary={true}
  type="button"
>
  Choose from preset times
</Button>
`;
