// Jest Snapshot v1, https://goo.gl/fbAQLP

exports[`<FormErrorBox> shows errors if there are errors 1`] = `
<NoticeBox
  dataTest="dhis2-uicore-noticebox"
  error={true}
  title="Something went wrong whilst creating your job"
>
  <ul
    className="list"
  >
    <li
      key="Error"
    >
      Error
    </li>
  </ul>
</NoticeBox>
`;
