// Jest Snapshot v1, https://goo.gl/fbAQLP

exports[`requiredCronExpression should return an error when input is not a string 1`] = `"CRON expression is required"`;

exports[`requiredCronExpression should return an error when input is not a valid CRON expression 1`] = `"Needs to be a valid CRON expression"`;

exports[`requiredCronExpression should return an error when there is no input 1`] = `"CRON expression is required"`;

exports[`requiredString should return an error when input is not a string 1`] = `"This field is required"`;

exports[`requiredString should return an error when there is no input 1`] = `"This field is required"`;
