// Jest Snapshot v1, https://goo.gl/fbAQLP

exports[`<App> renders correctly 1`] = `
<Fragment>
  <CssVariables
    colors={false}
    elevations={false}
    layers={false}
    spacers={true}
    theme={false}
  />
  <PageWrapper>
    <AuthWall>
      <Routes />
    </AuthWall>
  </PageWrapper>
</Fragment>
`;
