// Jest Snapshot v1, https://goo.gl/fbAQLP

exports[`<Routes> renders correctly 1`] = `
<HashRouter>
  <Route
    component={
      Object {
        "$$typeof": Symbol(react.memo),
        "WrappedComponent": [Function],
        "compare": null,
        "displayName": "Connect(UnconnectedJobListContainer)",
        "type": [Function],
      }
    }
    exact={true}
    path="/"
  />
  <Route
    component={[Function]}
    path="/edit/:id"
  />
  <Route
    component={[Function]}
    path="/add"
  />
</HashRouter>
`;
