// Jest Snapshot v1, https://goo.gl/fbAQLP

exports[`<JobList> renders correctly 1`] = `
<Fragment>
  <Title
    priority={2}
  >
    Scheduled Jobs
  </Title>
  <Info />
  <Card>
    <Link
      to="/add"
    >
      New job
    </Link>
    <table>
      <thead>
        <tr>
          <th>
            Job name
          </th>
          <th>
            Type
          </th>
          <th>
            Frequency
          </th>
          <th>
            Next run in
          </th>
          <th>
            Status
          </th>
          <th>
            On/off
          </th>
        </tr>
      </thead>
      <tbody>
        <JobListItem
          job={
            Object {
              "displayName": "name",
              "id": "id",
            }
          }
          key="id"
        />
      </tbody>
    </table>
  </Card>
</Fragment>
`;
